../Core/Src/main.c:80:5:_write	32	static
../Core/Src/main.c:113:5:main	48	static
../Core/Src/main.c:221:6:SystemClock_Config	88	static
../Core/Src/main.c:267:13:MX_CRC_Init	8	static
../Core/Src/main.c:293:13:MX_I2C1_Init	8	static
../Core/Src/main.c:327:13:MX_I2S3_Init	8	static
../Core/Src/main.c:361:13:MX_SPI1_Init	8	static
../Core/Src/main.c:399:13:MX_SPI2_Init	8	static
../Core/Src/main.c:437:13:MX_USART2_UART_Init	8	static
../Core/Src/main.c:470:13:MX_GPIO_Init	56	static
../Core/Src/main.c:589:6:print_network_information	32	static
../Core/Src/main.c:603:6:Error_Handler	4	static,ignoring_inline_asm
