../Core/Src/main.c:79:5:_write	32	static
../Core/Src/main.c:98:5:main	32	static
../Core/Src/main.c:158:6:SystemClock_Config	88	static
../Core/Src/main.c:204:13:MX_CRC_Init	8	static
../Core/Src/main.c:230:13:MX_I2C1_Init	8	static
../Core/Src/main.c:264:13:MX_I2S3_Init	8	static
../Core/Src/main.c:298:13:MX_SPI1_Init	8	static
../Core/Src/main.c:336:13:MX_SPI2_Init	8	static
../Core/Src/main.c:374:13:MX_USART2_UART_Init	8	static
../Core/Src/main.c:407:13:MX_GPIO_Init	56	static
../Core/Src/main.c:526:6:print_network_information	32	static
../Core/Src/main.c:540:6:Error_Handler	4	static,ignoring_inline_asm
